========================================================================================
A4b — Simulated random auditor (CIKM 2026 resubmission)
     5 random-anchor seeds × 5-fold CV × RD-stability tune
========================================================================================

Step 1/6: Load + dedupe historical pool ...
  After dedup: 4505 rows, 53 qids, docs/qid mean=85.0

Step 2/6: PBM-simulate clicks (seed=505, total=1e6) ...
  Simulated total: 999,998

Step 3/6: Load real clicks + build RD over displayed grid ...
  Real-click events: 7,116 over 53 qids
  Displayed grid: 477 rows × 53 qids
  RD: mean=1.0585, high(>1.5)=89/477

Step 4/6: SimCSE embed full pool ...
  SimCSE on device: cuda
    embedded 32/4505
    embedded 672/4505
    embedded 1312/4505
    embedded 1952/4505
    embedded 2592/4505
    embedded 3232/4505
    embedded 3872/4505
    embedded 4505/4505
  Embedded 4505 docs

Step 5/6: 5-fold splits ...

Step 6/6: Loop over random-anchor seeds × folds ...

  ===== Random-anchor seed 42 (1/5) =====
    sim_random over full pool: mean=0.5229 (reference: A2 click-anchor mean ≈ 0.58)
    fold 0: α=2.8469, @1=0.6061 @3=0.6688 @5=0.6817 @10=0.6364 @30=0.5515 @50=0.5128 @100=0.4374
    fold 1: α=3.0000, @1=0.7121 @3=0.6575 @5=0.6438 @10=0.5792 @30=0.4751 @50=0.4403 @100=0.3776
    fold 2: α=2.4898, @1=0.6061 @3=0.5302 @5=0.5085 @10=0.4534 @30=0.4300 @50=0.4300 @100=0.3920
    fold 3: α=2.8469, @1=0.5500 @3=0.6292 @5=0.5924 @10=0.5484 @30=0.4588 @50=0.4004 @100=0.3160
    fold 4: α=2.7449, @1=0.6500 @3=0.5626 @5=0.5186 @10=0.5003 @30=0.3933 @50=0.3536 @100=0.2961
    POOLED: α=2.786±0.189, @1=0.6258 @3=0.6102 @5=0.5903 @10=0.5443 @30=0.4631 @50=0.4293 @100=0.3660

  ===== Random-anchor seed 43 (2/5) =====
    sim_random over full pool: mean=0.5203 (reference: A2 click-anchor mean ≈ 0.58)
    fold 0: α=2.7449, @1=0.6061 @3=0.6951 @5=0.6732 @10=0.6286 @30=0.5533 @50=0.5124 @100=0.4405
    fold 1: α=2.7449, @1=0.7121 @3=0.6863 @5=0.6654 @10=0.6044 @30=0.4791 @50=0.4466 @100=0.3826
    fold 2: α=2.8469, @1=0.6364 @3=0.5980 @5=0.5841 @10=0.5087 @30=0.4820 @50=0.4590 @100=0.4137
    fold 3: α=2.7449, @1=0.5833 @3=0.6250 @5=0.5758 @10=0.5517 @30=0.4718 @50=0.4118 @100=0.3185
    fold 4: α=2.6939, @1=0.6167 @3=0.6206 @5=0.5430 @10=0.4687 @30=0.4029 @50=0.3535 @100=0.2984
    POOLED: α=2.755±0.056, @1=0.6321 @3=0.6458 @5=0.6102 @10=0.5540 @30=0.4793 @50=0.4387 @100=0.3731

  ===== Random-anchor seed 44 (3/5) =====
    sim_random over full pool: mean=0.5166 (reference: A2 click-anchor mean ≈ 0.58)
    fold 0: α=3.0000, @1=0.6061 @3=0.6521 @5=0.6334 @10=0.5994 @30=0.5450 @50=0.4968 @100=0.4313
    fold 1: α=2.7449, @1=0.7121 @3=0.6835 @5=0.6654 @10=0.5870 @30=0.4895 @50=0.4454 @100=0.3825
    fold 2: α=3.0000, @1=0.6061 @3=0.5908 @5=0.5458 @10=0.4924 @30=0.4511 @50=0.4390 @100=0.4019
    fold 3: α=3.0000, @1=0.5833 @3=0.5984 @5=0.6161 @10=0.5609 @30=0.4707 @50=0.4144 @100=0.3203
    fold 4: α=3.0000, @1=0.6333 @3=0.5982 @5=0.5591 @10=0.5154 @30=0.4104 @50=0.3576 @100=0.3032
    POOLED: α=2.949±0.114, @1=0.6289 @3=0.6256 @5=0.6046 @10=0.5515 @30=0.4746 @50=0.4323 @100=0.3700

  ===== Random-anchor seed 45 (4/5) =====
    sim_random over full pool: mean=0.5232 (reference: A2 click-anchor mean ≈ 0.58)
    fold 0: α=2.9490, @1=0.6667 @3=0.6863 @5=0.6552 @10=0.6008 @30=0.5409 @50=0.5022 @100=0.4325
    fold 1: α=1.8265, @1=0.7424 @3=0.6788 @5=0.6505 @10=0.6159 @30=0.4978 @50=0.4643 @100=0.3880
    fold 2: α=2.9490, @1=0.6061 @3=0.5706 @5=0.5219 @10=0.5281 @30=0.4796 @50=0.4465 @100=0.4091
    fold 3: α=2.9490, @1=0.5833 @3=0.6157 @5=0.6053 @10=0.5645 @30=0.4688 @50=0.4076 @100=0.3188
    fold 4: α=2.9490, @1=0.6167 @3=0.5578 @5=0.4965 @10=0.4631 @30=0.3857 @50=0.3435 @100=0.2919
    POOLED: α=2.724±0.502, @1=0.6447 @3=0.6232 @5=0.5872 @10=0.5560 @30=0.4763 @50=0.4350 @100=0.3704

  ===== Random-anchor seed 46 (5/5) =====
    sim_random over full pool: mean=0.5284 (reference: A2 click-anchor mean ≈ 0.58)
    fold 0: α=2.9490, @1=0.6061 @3=0.6276 @5=0.6384 @10=0.5748 @30=0.5135 @50=0.4850 @100=0.4141
    fold 1: α=2.7959, @1=0.6515 @3=0.6469 @5=0.6109 @10=0.5592 @30=0.4515 @50=0.4270 @100=0.3592
    fold 2: α=2.7449, @1=0.5152 @3=0.5646 @5=0.5091 @10=0.4779 @30=0.4753 @50=0.4552 @100=0.3986
    fold 3: α=2.7959, @1=0.5500 @3=0.6441 @5=0.6431 @10=0.5821 @30=0.4823 @50=0.4153 @100=0.3236
    fold 4: α=2.9490, @1=0.6333 @3=0.5784 @5=0.5075 @10=0.4479 @30=0.3907 @50=0.3478 @100=0.2915
    POOLED: α=2.847±0.095, @1=0.5912 @3=0.6123 @5=0.5821 @10=0.5289 @30=0.4636 @50=0.4277 @100=0.3593

========================================================================================
A4b SUMMARY (across 5 random-anchor seeds, 5-fold CV)
========================================================================================
α (mean of per-seed alpha_means): 2.8122 ± 0.0888
cutoff   mean     sd       min      max     
--------------------------------------------
@1       0.6245   0.0200   0.5912   0.6447
@3       0.6234   0.0142   0.6102   0.6458
@5       0.5949   0.0120   0.5821   0.6102
@10      0.5469   0.0110   0.5289   0.5560
@30      0.4714   0.0075   0.4631   0.4793
@50      0.4326   0.0044   0.4277   0.4387
@100     0.3677   0.0054   0.3593   0.3731

Reference rows (from a23_pooled.csv):
  A2 (real-click anchor, RD-stability):  α=2.867, @1=0.6950 @3=0.6849 @5=0.6611 @10=0.6236 @30=0.5344 @50=0.4786 @100=0.3899
  A3 (ColBERT anchor, nDCG-grid):          α=2.940, @1=0.6069 @3=0.6503 @5=0.6378 @10=0.6049 @30=0.5238 @50=0.4685 @100=0.3829

Saved: /mnt/primary/cikm 2026/experiments/a4b_per_seed_per_fold.csv
Saved: /mnt/primary/cikm 2026/experiments/a4b_per_seed_pooled.csv
Saved: /mnt/primary/cikm 2026/experiments/a4b_summary.csv
Saved: /mnt/primary/cikm 2026/experiments/a4b_table_row.tex
